\BOOKMARK [1][-]{section.1}{\376\377\000B\000e\000f\000o\000r\000e\000\040\000w\000e\000\040\000s\000t\000a\000r\000t\000:\000\040\000w\000h\000a\000t\000\040\000k\000i\000n\000d\000\040\000o\000f\000\040\000t\000h\000i\000n\000g\000\040\000i\000s\000\040\000t\000h\000i\000s\000?}{}% 1
\BOOKMARK [1][-]{section.2}{\376\377\000W\000h\000a\000t\000\040\000t\000h\000e\000\040\000e\000d\000i\000t\000o\000r\000\040\000i\000s}{}% 2
\BOOKMARK [1][-]{section.3}{\376\377\000R\000u\000n\000n\000i\000n\000g\000\040\000i\000t\000\040\000o\000n\000\040\000y\000o\000u\000r\000\040\000o\000w\000n\000\040\000c\000o\000m\000p\000u\000t\000e\000r}{}% 3
\BOOKMARK [2][-]{subsection.3.1}{\376\377\000P\000r\000e\000r\000e\000q\000u\000i\000s\000i\000t\000e\000s\000\040\000\050\000i\000n\000s\000t\000a\000l\000l\000\040\000o\000n\000c\000e\000\051}{section.3}% 4
\BOOKMARK [2][-]{subsection.3.2}{\376\377\000S\000t\000a\000r\000t\000\040\000i\000t}{section.3}% 5
\BOOKMARK [2][-]{subsection.3.3}{\376\377\000B\000e\000c\000o\000m\000e\000\040\000a\000n\000\040\000e\000d\000i\000t\000o\000r}{section.3}% 6
\BOOKMARK [1][-]{section.4}{\376\377\000A\000\040\000t\000o\000u\000r\000\040\000o\000f\000\040\000t\000h\000e\000\040\000t\000o\000o\000l\000b\000a\000r}{}% 7
\BOOKMARK [1][-]{section.5}{\376\377\000E\000d\000i\000t\000i\000n\000g\000\040\000t\000h\000e\000\040\000c\000o\000n\000t\000e\000n\000t\000\040\000t\000h\000a\000t\000'\000s\000\040\000a\000l\000r\000e\000a\000d\000y\000\040\000t\000h\000e\000r\000e}{}% 8
\BOOKMARK [1][-]{section.6}{\376\377\000T\000h\000e\000\040\000S\000e\000c\000t\000i\000o\000n\000s\000\040\000p\000a\000n\000e\000l\000\040\040\024\000\040\000a\000n\000d\000\040\000t\000h\000e\000\040\000o\000n\000e\000\040\000b\000i\000g\000\040\000g\000o\000t\000c\000h\000a}{}% 9
\BOOKMARK [2][-]{subsection.6.1}{\376\377\000N\000o\000w\000,\000\040\000t\000h\000e\000\040\000g\000o\000t\000c\000h\000a\000.\000\040\000R\000e\000a\000d\000\040\000t\000h\000i\000s\000\040\000s\000l\000o\000w\000l\000y\000.}{section.6}% 10
\BOOKMARK [1][-]{section.7}{\376\377\000A\000d\000d\000i\000n\000g\000\040\000a\000\040\000n\000e\000w\000\040\000s\000e\000c\000t\000i\000o\000n}{}% 11
\BOOKMARK [2][-]{subsection.7.1}{\376\377\000L\000i\000s\000t\000s\000\040\000i\000n\000s\000i\000d\000e\000\040\000a\000\040\000s\000e\000c\000t\000i\000o\000n\000\040\000\050\000g\000a\000l\000l\000e\000r\000i\000e\000s\000,\000\040\000l\000i\000n\000k\000s\000,\000\040\040\046\000\051}{section.7}% 12
\BOOKMARK [1][-]{section.8}{\376\377\000R\000e\000o\000r\000d\000e\000r\000i\000n\000g\000\040\000t\000h\000i\000n\000g\000s}{}% 13
\BOOKMARK [1][-]{section.9}{\376\377\000T\000h\000e\000m\000e\000\040\000\046\000\040\000B\000a\000c\000k\000g\000r\000o\000u\000n\000d}{}% 14
\BOOKMARK [2][-]{subsection.9.1}{\376\377\000T\000h\000e\000m\000e\000\040\040\024\000\040\000s\000i\000t\000e\000-\000w\000i\000d\000e\000\040\000c\000o\000l\000o\000u\000r\000s}{section.9}% 15
\BOOKMARK [2][-]{subsection.9.2}{\376\377\000B\000a\000c\000k\000g\000r\000o\000u\000n\000d\000\040\040\024\000\040\000t\000h\000e\000\040\000b\000i\000g\000\040\000i\000m\000a\000g\000e\000\040\000b\000e\000h\000i\000n\000d\000\040\000a\000\040\000p\000a\000g\000e}{section.9}% 16
\BOOKMARK [1][-]{section.10}{\376\377\000P\000a\000g\000e\000s\000\040\000a\000n\000d\000\040\000t\000h\000e\000\040\000t\000h\000r\000e\000e\000\040\000v\000i\000s\000i\000b\000i\000l\000i\000t\000y\000\040\000l\000e\000v\000e\000l\000s}{}% 17
\BOOKMARK [1][-]{section.11}{\376\377\000T\000h\000e\000\040\000s\000i\000g\000n\000u\000p\000\040\000s\000u\000r\000v\000e\000y\000:\000\040\000Q\000u\000e\000s\000t\000i\000o\000n\000n\000a\000i\000r\000e\000\040\000\046\000\040\000R\000e\000s\000p\000o\000n\000s\000e\000s}{}% 18
\BOOKMARK [2][-]{subsection.11.1}{\376\377\000E\000d\000i\000t\000i\000n\000g\000\040\000t\000h\000e\000\040\000q\000u\000e\000s\000t\000i\000o\000n\000s\000\040\000\050\000Q\000u\000e\000s\000t\000i\000o\000n\000n\000a\000i\000r\000e\000\051}{section.11}% 19
\BOOKMARK [2][-]{subsection.11.2}{\376\377\000W\000h\000e\000r\000e\000\040\000r\000e\000s\000p\000o\000n\000s\000e\000s\000\040\000g\000o\000\040\000\050\000R\000e\000s\000p\000o\000n\000s\000e\000s\000\051}{section.11}% 20
\BOOKMARK [1][-]{section.12}{\376\377\000T\000r\000a\000c\000k\000i\000n\000g\000\040\000\050\000a\000n\000a\000l\000y\000t\000i\000c\000s\000\040\000\046\000\040\000p\000i\000x\000e\000l\000s\000\051}{}% 21
\BOOKMARK [1][-]{section.13}{\376\377\000S\000a\000v\000i\000n\000g\000\040\000\046\000\040\000p\000u\000b\000l\000i\000s\000h\000i\000n\000g\000\040\040\024\000\040\000t\000h\000e\000\040\000m\000e\000n\000t\000a\000l\000\040\000m\000o\000d\000e\000l}{}% 22
\BOOKMARK [1][-]{section.14}{\376\377\000T\000h\000e\000\040\000`\000`\000?\000'\000'\000\040\000h\000e\000l\000p\000\040\000b\000u\000t\000t\000o\000n\000s}{}% 23
\BOOKMARK [1][-]{section.15}{\376\377\000Y\000o\000u\000r\000\040\000f\000i\000r\000s\000t\000\040\000e\000d\000i\000t\000\040\000\050\000a\000\040\0006\0000\000-\000s\000e\000c\000o\000n\000d\000\040\000t\000u\000t\000o\000r\000i\000a\000l\000\051}{}% 24
